::1 - - [17/Aug/2026 12:00:11] "GET / HTTP/1.1" 200 -
::1 - - [17/Aug/2026 12:00:23] "GET / HTTP/1.1" 304 -
::1 - - [17/Aug/2026 12:00:25] "GET /css/style.css HTTP/1.1" 304 -
::1 - - [17/Aug/2026 12:00:25] "GET /sections/experience.html HTTP/1.1" 200 -
::1 - - [17/Aug/2026 12:00:38] "GET / HTTP/1.1" 200 -
::1 - - [17/Aug/2026 12:01:01] "GET / HTTP/1.1" 200 -
::1 - - [17/Aug/2026 12:01:23] "GET / HTTP/1.1" 200 -
::1 - - [17/Aug/2026 12:01:23] "GET /css/style.css HTTP/1.1" 200 -
::1 - - [17/Aug/2026 12:01:23] "GET /js/main.js HTTP/1.1" 200 -
::1 - - [17/Aug/2026 12:01:23] "GET /assets/images/junyili_personal.jpg HTTP/1.1" 200 -
::1 - - [17/Aug/2026 12:01:23] "GET /sections/publications.html HTTP/1.1" 200 -
::1 - - [17/Aug/2026 12:01:23] "GET /assets/images/favicon.svg HTTP/1.1" 200 -
::1 - - [17/Aug/2026 12:01:23] "GET /sections/about.html HTTP/1.1" 200 -
::1 - - [17/Aug/2026 12:01:23] "GET /sections/interests.html HTTP/1.1" 200 -
::1 - - [17/Aug/2026 12:01:23] "GET /sections/honors.html HTTP/1.1" 200 -
::1 - - [17/Aug/2026 12:01:23] "GET /sections/education.html HTTP/1.1" 200 -
::1 - - [17/Aug/2026 12:01:23] "GET /sections/experience.html HTTP/1.1" 200 -
::1 - - [17/Aug/2026 12:01:57] "GET / HTTP/1.1" 200 -
::1 - - [17/Aug/2026 12:01:57] "GET /assets/images/junyili_personal.jpg HTTP/1.1" 200 -
::1 - - [17/Aug/2026 12:01:57] "GET /css/style.css HTTP/1.1" 200 -
::1 - - [17/Aug/2026 12:01:57] "GET /js/main.js HTTP/1.1" 200 -
::1 - - [17/Aug/2026 12:01:57] "GET /sections/about.html HTTP/1.1" 200 -
::1 - - [17/Aug/2026 12:01:57] "GET /sections/interests.html HTTP/1.1" 200 -
::1 - - [17/Aug/2026 12:01:57] "GET /sections/education.html HTTP/1.1" 200 -
::1 - - [17/Aug/2026 12:01:57] "GET /sections/publications.html HTTP/1.1" 200 -
::1 - - [17/Aug/2026 12:01:57] "GET /sections/honors.html HTTP/1.1" 200 -
::1 - - [17/Aug/2026 12:01:57] "GET /sections/experience.html HTTP/1.1" 200 -
::1 - - [17/Aug/2026 12:01:57] "GET /assets/images/favicon.svg HTTP/1.1" 200 -
::1 - - [17/Aug/2026 12:02:24] "GET / HTTP/1.1" 200 -
::1 - - [17/Aug/2026 12:02:24] "GET /css/style.css HTTP/1.1" 200 -
::1 - - [17/Aug/2026 12:02:24] "GET /js/main.js HTTP/1.1" 200 -
::1 - - [17/Aug/2026 12:02:24] "GET /assets/images/junyili_personal.jpg HTTP/1.1" 200 -
::1 - - [17/Aug/2026 12:02:24] "GET /sections/about.html HTTP/1.1" 200 -
::1 - - [17/Aug/2026 12:02:24] "GET /sections/interests.html HTTP/1.1" 200 -
::1 - - [17/Aug/2026 12:02:24] "GET /sections/education.html HTTP/1.1" 200 -
::1 - - [17/Aug/2026 12:02:24] "GET /sections/publications.html HTTP/1.1" 200 -
::1 - - [17/Aug/2026 12:02:24] "GET /sections/experience.html HTTP/1.1" 200 -
::1 - - [17/Aug/2026 12:02:24] "GET /sections/honors.html HTTP/1.1" 200 -
::1 - - [17/Aug/2026 12:02:24] "GET /assets/images/favicon.svg HTTP/1.1" 200 -
::1 - - [17/Aug/2026 12:03:45] "GET / HTTP/1.1" 200 -
::1 - - [17/Aug/2026 12:03:45] "GET /assets/images/junyili_personal.jpg HTTP/1.1" 200 -
::1 - - [17/Aug/2026 12:03:45] "GET /css/style.css HTTP/1.1" 200 -
::1 - - [17/Aug/2026 12:03:45] "GET /js/main.js HTTP/1.1" 200 -
::1 - - [17/Aug/2026 12:03:45] "GET /sections/about.html HTTP/1.1" 200 -
::1 - - [17/Aug/2026 12:03:45] "GET /sections/publications.html HTTP/1.1" 200 -
::1 - - [17/Aug/2026 12:03:45] "GET /assets/images/favicon.svg HTTP/1.1" 200 -
::1 - - [17/Aug/2026 12:03:45] "GET /sections/interests.html HTTP/1.1" 200 -
::1 - - [17/Aug/2026 12:03:45] "GET /sections/education.html HTTP/1.1" 200 -
::1 - - [17/Aug/2026 12:03:45] "GET /sections/honors.html HTTP/1.1" 200 -
::1 - - [17/Aug/2026 12:03:45] "GET /sections/experience.html HTTP/1.1" 200 -
